// Jest Snapshot v1, https://goo.gl/fbAQLP

exports[`should render Expense List with empty message 1`] = `
<div>
  <p>
    No expenses
  </p>
</div>
`;

exports[`should render expense list with expense 1`] = `
<div>
  <ExpenseListItem
    amount={10}
    createdAt={0}
    description="gum"
    id="1"
    index={0}
    key="1"
    note=""
  />
  <ExpenseListItem
    amount={10000}
    createdAt={-345600000}
    description="rent"
    id="2"
    index={1}
    key="2"
    note=""
  />
  <ExpenseListItem
    amount={500}
    createdAt={345600000}
    description="credit card"
    id="3"
    index={2}
    key="3"
    note=""
  />
</div>
`;
